[INFO] Scanning for projects...
[INFO] 
[INFO] ---------------------< com.example:weather-server >---------------------
[INFO] Building weather-server 0.1.0
[INFO]   from pom.xml
[INFO] --------------------------------[ jar ]---------------------------------
[INFO] 
[INFO] --- resources:3.3.1:resources (default-resources) @ weather-server ---
[INFO] skip non existing resourceDirectory C:\projects\test\src\main\resources
[INFO] 
[INFO] --- compiler:3.13.0:compile (default-compile) @ weather-server ---
[INFO] Nothing to compile - all classes are up to date.
[INFO] 
[INFO] --- scala:4.9.2:compile (scala-compile) @ weather-server ---
[WARNING]  Expected all dependencies to require Scala version: 2.13.14
[WARNING]  org.http4s:http4s-ember-server_2.13:0.23.27 requires scala version: 2.13.13
[WARNING] Multiple versions of scala libraries detected!
[INFO] Compiler bridge file: C:\Users\andre\.sbt\1.0\zinc\org.scala-sbt\org.scala-sbt-compiler-bridge_2.13-1.10.0-bin_2.13.14__65.0-1.10.0_20240505T232140.jar
[INFO] compiling 12 Scala sources to C:\projects\test\target\classes ...
[ERROR] C:/projects/test/src/main/scala/weather/Main.scala:28: not found: type HttpRoutes
[ERROR] C:/projects/test/src/main/scala/weather/Main.scala:36: not found: type HttpRoutes
[ERROR] two errors found
[INFO] ------------------------------------------------------------------------
[INFO] BUILD FAILURE
[INFO] ------------------------------------------------------------------------
[INFO] Total time:  8.488 s
[INFO] Finished at: 2026-04-28T00:36:01-04:00
[INFO] ------------------------------------------------------------------------
[ERROR] Failed to execute goal net.alchim31.maven:scala-maven-plugin:4.9.2:compile (scala-compile) on project weather-server: Execution scala-compile of goal net.alchim31.maven:scala-maven-plugin:4.9.2:compile failed: Compilation failed: InterfaceCompileFailed -> [Help 1]
[ERROR] 
[ERROR] To see the full stack trace of the errors, re-run Maven with the -e switch.
[ERROR] Re-run Maven using the -X switch to enable full debug logging.
[ERROR] 
[ERROR] For more information about the errors and possible solutions, please read the following articles:
[ERROR] [Help 1] http://cwiki.apache.org/confluence/display/MAVEN/PluginExecutionException
